01:01:06 **** Clean-only build of configuration Debug for project 001HelloWorld_Semihosting ****
make -j16 clean 
rm -rf ./Startup/startup_stm32f407vgtx.d ./Startup/startup_stm32f407vgtx.o
rm -rf ./Src/main.cyclo ./Src/main.d ./Src/main.o ./Src/main.su ./Src/sysmem.cyclo ./Src/sysmem.d ./Src/sysmem.o ./Src/sysmem.su
rm -rf 001HelloWorld_Semihosting.elf 001HelloWorld_Semihosting.list 001HelloWorld_Semihosting.map default.size.stdout
 
01:01:06 **** Build of configuration Debug for project 001HelloWorld_Semihosting ****
make -j16 all 
arm-none-eabi-gcc -mcpu=cortex-m4 -g3 -DDEBUG -c -x assembler-with-cpp -MMD -MP -MF"Startup/startup_stm32f407vgtx.d" -MT"Startup/startup_stm32f407vgtx.o" --specs=nano.specs -mfpu=fpv4-sp-d16 -mfloat-abi=hard -mthumb -o "Startup/startup_stm32f407vgtx.o" "../Startup/startup_stm32f407vgtx.s"
arm-none-eabi-gcc "../Src/main.c" -mcpu=cortex-m4 -std=gnu11 -g3 -DDEBUG -DSTM32 -DSTM32F407G_DISC1 -DSTM32F4 -DSTM32F407VGTx -c -I../Inc -O0 -ffunction-sections -fdata-sections -Wall -fstack-usage -fcyclomatic-complexity -MMD -MP -MF"Src/main.d" -MT"Src/main.o" --specs=nano.specs -mfpu=fpv4-sp-d16 -mfloat-abi=hard -mthumb -o "Src/main.o"
arm-none-eabi-gcc "../Src/sysmem.c" -mcpu=cortex-m4 -std=gnu11 -g3 -DDEBUG -DSTM32 -DSTM32F407G_DISC1 -DSTM32F4 -DSTM32F407VGTx -c -I../Inc -O0 -ffunction-sections -fdata-sections -Wall -fstack-usage -fcyclomatic-complexity -MMD -MP -MF"Src/sysmem.d" -MT"Src/sysmem.o" --specs=nano.specs -mfpu=fpv4-sp-d16 -mfloat-abi=hard -mthumb -o "Src/sysmem.o"
arm-none-eabi-gcc -o "001HelloWorld_Semihosting.elf" @"objects.list"   -mcpu=cortex-m4 -T"D:\001_SONNDH\Workspace\STM32\STM32F407G-DISC1\01Projects\001HelloWorld_Semihosting\STM32F407VGTX_FLASH.ld" --specs=nosys.specs -Wl,-Map="001HelloWorld_Semihosting.map" -Wl,--gc-sections -static -specs=rdimon.specs -lc -lrdimon --specs=nano.specs -mfpu=fpv4-sp-d16 -mfloat-abi=hard -mthumb -Wl,--start-group -lc -lm -Wl,--end-group
Finished building target: 001HelloWorld_Semihosting.elf
 
arm-none-eabi-size   001HelloWorld_Semihosting.elf 
arm-none-eabi-objdump -h -S  001HelloWorld_Semihosting.elf  > "001HelloWorld_Semihosting.list"
   text	   data	    bss	    dec	    hex	filename
   3744	    100	   2060	   5904	   1710	001HelloWorld_Semihosting.elf
Finished building: default.size.stdout
 
Finished building: 001HelloWorld_Semihosting.list
 
01:01:20 **** Incremental Build of configuration Debug for project 001HelloWorld_Semihosting ****
make -j16 all 
arm-none-eabi-size   001HelloWorld_Semihosting.elf 
   text	   data	    bss	    dec	    hex	filename
   3744	    100	   2060	   5904	   1710	001HelloWorld_Semihosting.elf
Finished building: default.size.stdout
 
01:02:32 **** Incremental Build of configuration Debug for project 001HelloWorld_Semihosting ****
make -j16 all 
arm-none-eabi-size   001HelloWorld_Semihosting.elf 
   text	   data	    bss	    dec	    hex	filename
   3744	    100	   2060	   5904	   1710	001HelloWorld_Semihosting.elf
Finished building: default.size.stdout
 
01:04:27 **** Incremental Build of configuration Debug for project 001HelloWorld_Semihosting ****
make -j16 all 
arm-none-eabi-gcc "../Src/main.c" -mcpu=cortex-m4 -std=gnu11 -g3 -DDEBUG -DSTM32 -DSTM32F407G_DISC1 -DSTM32F4 -DSTM32F407VGTx -c -I../Inc -O0 -ffunction-sections -fdata-sections -Wall -fstack-usage -fcyclomatic-complexity -MMD -MP -MF"Src/main.d" -MT"Src/main.o" --specs=nano.specs -mfpu=fpv4-sp-d16 -mfloat-abi=hard -mthumb -o "Src/main.o"
arm-none-eabi-gcc -o "001HelloWorld_Semihosting.elf" @"objects.list"   -mcpu=cortex-m4 -T"D:\001_SONNDH\Workspace\STM32\STM32F407G-DISC1\01Projects\001HelloWorld_Semihosting\STM32F407VGTX_FLASH.ld" --specs=nosys.specs -Wl,-Map="001HelloWorld_Semihosting.map" -Wl,--gc-sections -static -specs=rdimon.specs -lc -lrdimon --specs=nano.specs -mfpu=fpv4-sp-d16 -mfloat-abi=hard -mthumb -Wl,--start-group -lc -lm -Wl,--end-group
Finished building target: 001HelloWorld_Semihosting.elf
 
arm-none-eabi-size   001HelloWorld_Semihosting.elf 
arm-none-eabi-objdump -h -S  001HelloWorld_Semihosting.elf  > "001HelloWorld_Semihosting.list"
   text	   data	    bss	    dec	    hex	filename
   4480	    108	   2076	   6664	   1a08	001HelloWorld_Semihosting.elf
Finished building: default.size.stdout
 
Finished building: 001HelloWorld_Semihosting.list
 
