19:58:55 **** Incremental Build of configuration Debug for project 002BlinkLed ****
make -j16 all 
arm-none-eabi-gcc "../Src/main.c" -mcpu=cortex-m4 -std=gnu11 -g3 -DDEBUG -DSTM32 -DSTM32F407G_DISC1 -DSTM32F4 -DSTM32F407VGTx -c -I../Inc -O0 -ffunction-sections -fdata-sections -Wall -fstack-usage -fcyclomatic-complexity -MMD -MP -MF"Src/main.d" -MT"Src/main.o" --specs=nano.specs -mfpu=fpv4-sp-d16 -mfloat-abi=hard -mthumb -o "Src/main.o"
arm-none-eabi-gcc -o "002BlinkLed.elf" @"objects.list"   -mcpu=cortex-m4 -T"D:\SONNDH2\WorkPlace\STM32_IDE\Projects\002BlinkLed\STM32F407VGTX_FLASH.ld" --specs=nosys.specs -Wl,-Map="002BlinkLed.map" -Wl,--gc-sections -static --specs=nano.specs -mfpu=fpv4-sp-d16 -mfloat-abi=hard -mthumb -Wl,--start-group -lc -lm -Wl,--end-group
Finished building target: 002BlinkLed.elf
 
arm-none-eabi-size   002BlinkLed.elf 
arm-none-eabi-objdump -h -S  002BlinkLed.elf  > "002BlinkLed.list"
   text	   data	    bss	    dec	    hex	filename
    748	      8	   1568	   2324	    914	002BlinkLed.elf
Finished building: default.size.stdout
 
Finished building: 002BlinkLed.list
 
19:59:02 **** Incremental Build of configuration Debug for project 002BlinkLed ****
make -j16 all 
arm-none-eabi-size   002BlinkLed.elf 
   text	   data	    bss	    dec	    hex	filename
    748	      8	   1568	   2324	    914	002BlinkLed.elf
Finished building: default.size.stdout
 
